Generate CI configuration

Usage: maturin[EXE] generate-ci [OPTIONS] <CI>

Arguments:
  <CI>
          CI provider

          Possible values:
          - github: GitHub

Options:
  -m, --manifest-path <PATH>
          Path to Cargo.toml

  -o, --output <PATH>
          Output path
          
          [default: -]

      --platform <platform>...
          Platform support
          
          [default: linux windows macos macosarm64]

          Possible values:
          - all:        All
          - linux:      Linux
          - windows:    Windows
          - macos:      macOS
          - emscripten: Emscripten
          - macosarm64: macOS(Arm64)

      --pytest
          Enable pytest

      --zig
          Use zig to do cross compilation

  -h, --help
          Print help (see a summary with '-h')
